// Jest Snapshot v1, https://goo.gl/fbAQLP

exports[`should take a snapshot 1`] = `
<DocumentFragment>
  <div
    class="bg-black w-full overflow-hidden"
  >
    <div
      class="sm:px-16 px-6 flex justify-center items-center"
    >
      <div
        class="xl:max-w-[1280px] w-full"
      >
        <nav
          class="w-full flex py-6 justify-between items-center navbar"
        >
          <img
            alt="hoobank"
            class="w-[124px] h-[32px]"
            src="logo.svg"
          />
          <ul
            class="list-none sm:flex hidden justify-end items-center flex-1"
          >
            <li
              class="font-poppins font-normal cursor-pointer text-[16px] mr-10 text-white"
            >
              <a
                href="home"
              >
                Home
              </a>
            </li>
            <li
              class="font-poppins font-normal cursor-pointer text-[16px] mr-10 text-white"
            >
              <a
                href="dashboard"
              >
                Dashboard
              </a>
            </li>
            <li
              class="font-poppins font-normal cursor-pointer text-[16px] mr-0 text-white"
            >
              <a
                href="products"
              >
                Products
              </a>
            </li>
          </ul>
          <div
            class="sm:hidden flex flex-1 justify-end items-center"
          >
            <img
              alt="menu"
              class="w-[28px] h-[28px] object-contain"
              src="menu.svg"
            />
            <div
              class="hidden 
                    p-6 bg-gradient-to-r from-indigo-500 absolute top-20 right-0 mx-4 my-2 min-w-[140px] rounded-xl sidebar"
            >
              <ul
                class="list-none flex flex-col justify-end items-center flex-1"
              >
                <li
                  class="font-poppins font-normal cursor-pointer text-[16px] mb-4 text-white"
                >
                  <a
                    href="home"
                  >
                    Home
                  </a>
                </li>
                <li
                  class="font-poppins font-normal cursor-pointer text-[16px] mb-4 text-white"
                >
                  <a
                    href="dashboard"
                  >
                    Dashboard
                  </a>
                </li>
                <li
                  class="font-poppins font-normal cursor-pointer text-[16px] mr-0 text-white"
                >
                  <a
                    href="products"
                  >
                    Products
                  </a>
                </li>
              </ul>
            </div>
          </div>
        </nav>
      </div>
    </div>
    <div
      class="min-h-screen bg-image py-6 flex flex-col justify-center sm:py-12"
    >
      <div
        class="relative py-3 sm:max-w-xl sm:mx-auto"
      >
        <div
          class="absolute inset-0 bg-gradient-to-r from-blue-300 to-blue-600 shadow-lg transform -skew-y-6 sm:skew-y-0 sm:-rotate-6 sm:rounded-3xl"
        />
        <div
          class="relative px-4 py-10 bg-white shadow-lg sm:rounded-3xl sm:p-20"
        >
          <div
            class="max-w-md mx-auto"
          >
            <div>
              <h1
                class="text-2xl font-semibold"
              >
                Se connecter
              </h1>
            </div>
            <div
              class="divide-y divide-gray-200"
            >
              <div
                class="py-8 text-base leading-6 space-y-4 text-gray-700 sm:text-lg sm:leading-7"
              >
                <div
                  class="relative"
                >
                  <input
                    autocomplete="off"
                    class="peer placeholder-transparent h-10 w-full border-b-2 border-gray-300 text-gray-900 focus:outline-none focus:borer-rose-600"
                    id="email"
                    name="email"
                    placeholder="User name"
                    type="text"
                    value=""
                  />
                  <label
                    class="absolute left-0 -top-3.5 text-gray-600 text-sm peer-placeholder-shown:text-base peer-placeholder-shown:text-gray-440 peer-placeholder-shown:top-2 transition-all peer-focus:-top-3.5 peer-focus:text-gray-600 peer-focus:text-sm"
                    for="email"
                  >
                    User name
                  </label>
                </div>
                <div
                  class="relative"
                >
                  <input
                    autocomplete="off"
                    class="peer placeholder-transparent h-10 w-full border-b-2 border-gray-300 text-gray-900 focus:outline-none focus:borer-rose-600"
                    id="password"
                    name="password"
                    placeholder="Password"
                    type="password"
                  />
                  <label
                    class="absolute left-0 -top-3.5 text-gray-600 text-sm peer-placeholder-shown:text-base peer-placeholder-shown:text-gray-440 peer-placeholder-shown:top-2 transition-all peer-focus:-top-3.5 peer-focus:text-gray-600 peer-focus:text-sm"
                    for="password"
                  >
                    Password
                  </label>
                </div>
                <div
                  class="relative"
                >
                  <button
                    class="bg-blue-500 text-white rounded-md px-2 py-1"
                  >
                    Login
                  </button>
                  <button
                    class="bg-blue-500 text-white rounded-md px-2 py-1"
                  >
                    Logout
                  </button>
                </div>
              </div>
            </div>
          </div>
        </div>
      </div>
    </div>
    <section
      class="flex justify-center items-center sm:py-16 py-6 flex-col"
      id="footer"
    >
      <div
        class="flex justify-center items-start md:flex-row flex-col mb-8 w-full"
      >
        <div
          class="flex-1 flex flex-col justify-start mr-10"
        >
          <img
            alt="hoobank"
            class="w-[266px] h-[72px] object-contain"
            src="logo.svg"
          />
          <p
            class="font-poppins font-normal text-zinc-400 text-[18px] leading-[30.8px] mt-4 max-w-[310px]"
          >
            A new way to make the payments easy, reliable and secure.
          </p>
        </div>
        <div
          class="flex-[1.5] w-full flex flex-row justify-between flex-wrap md:mt-0 mt-10"
        >
          <div
            class="flex flex-col ss:my-0 my-4 min-w-[150px]"
          >
            <h4
              class="font-poppins font-medium text-[18px] leading-[27px] text-white"
            >
              Useful Links
            </h4>
            <ul
              class="list-none mt-4"
            >
              <li
                class="font-poppins font-normal text-[16px] leading-[24px] text-dimWhite hover:text-secondary cursor-pointer mb-4"
              >
                Content
              </li>
              <li
                class="font-poppins font-normal text-[16px] leading-[24px] text-dimWhite hover:text-secondary cursor-pointer mb-4"
              >
                How it Works
              </li>
              <li
                class="font-poppins font-normal text-[16px] leading-[24px] text-dimWhite hover:text-secondary cursor-pointer mb-4"
              >
                Create
              </li>
              <li
                class="font-poppins font-normal text-[16px] leading-[24px] text-dimWhite hover:text-secondary cursor-pointer mb-4"
              >
                Explore
              </li>
              <li
                class="font-poppins font-normal text-[16px] leading-[24px] text-dimWhite hover:text-secondary cursor-pointer mb-0"
              >
                Terms & Services
              </li>
            </ul>
          </div>
          <div
            class="flex flex-col ss:my-0 my-4 min-w-[150px]"
          >
            <h4
              class="font-poppins font-medium text-[18px] leading-[27px] text-white"
            >
              Community
            </h4>
            <ul
              class="list-none mt-4"
            >
              <li
                class="font-poppins font-normal text-[16px] leading-[24px] text-dimWhite hover:text-secondary cursor-pointer mb-4"
              >
                Help Center
              </li>
              <li
                class="font-poppins font-normal text-[16px] leading-[24px] text-dimWhite hover:text-secondary cursor-pointer mb-4"
              >
                Partners
              </li>
              <li
                class="font-poppins font-normal text-[16px] leading-[24px] text-dimWhite hover:text-secondary cursor-pointer mb-4"
              >
                Suggestions
              </li>
              <li
                class="font-poppins font-normal text-[16px] leading-[24px] text-dimWhite hover:text-secondary cursor-pointer mb-4"
              >
                Blog
              </li>
              <li
                class="font-poppins font-normal text-[16px] leading-[24px] text-dimWhite hover:text-secondary cursor-pointer mb-0"
              >
                Newsletters
              </li>
            </ul>
          </div>
          <div
            class="flex flex-col ss:my-0 my-4 min-w-[150px]"
          >
            <h4
              class="font-poppins font-medium text-[18px] leading-[27px] text-white"
            >
              Partner
            </h4>
            <ul
              class="list-none mt-4"
            >
              <li
                class="font-poppins font-normal text-[16px] leading-[24px] text-dimWhite hover:text-secondary cursor-pointer mb-4"
              >
                Our Partner
              </li>
              <li
                class="font-poppins font-normal text-[16px] leading-[24px] text-dimWhite hover:text-secondary cursor-pointer mb-0"
              >
                Become a Partner
              </li>
            </ul>
          </div>
        </div>
      </div>
      <div
        class="w-full flex justify-between items-center md:flex-row flex-col pt-6 border-t-[1px] border-t-[#3f3e45] "
      >
        <p
          class="font-poppins font-normal text-center text-[18px] leading-[27px] text-white"
        >
          Copyright Ⓒ 2022 HooBank. All Rights Reserved.
        </p>
        <div
          class="flex flex-row md:mt-0 mt-6"
        >
          <img
            alt="social-media-1"
            class="w-[21px] h-[21px] object-contain cursor-pointer mr-6"
            src="instagram.svg"
          />
          <img
            alt="social-media-2"
            class="w-[21px] h-[21px] object-contain cursor-pointer mr-6"
            src="facebook.svg"
          />
          <img
            alt="social-media-3"
            class="w-[21px] h-[21px] object-contain cursor-pointer mr-6"
            src="twitter.svg"
          />
          <img
            alt="social-media-4"
            class="w-[21px] h-[21px] object-contain cursor-pointer mr-0"
            src="linkedin.svg"
          />
        </div>
      </div>
    </section>
  </div>
</DocumentFragment>
`;
